C:/Users/harry/Desktop/soar/H753ZIT6TemplateRepository_Integration/SoarOS/Core/Inc/Task.hpp:27:12:Queue* Task::GetEventQueue() const	16	static
../SoarOS/CubeTask.hpp:32:22:static CubeTask& CubeTask::Inst()	8	static
../SoarOS/CubeTask.hpp:47:5:CubeTask::CubeTask()	16	static
../SoarOS/CubeDefines.cpp:26:6:)	224	static
../SoarOS/CubeDefines.cpp:69:6:)	364	static
../SoarOS/CubeDefines.cpp:126:1:void __static_initialization_and_destruction_0()	8	static
../SoarOS/CubeDefines.cpp:126:1:void __static_initialization_and_destruction_1()	8	static
../SoarOS/CubeDefines.cpp:126:1:cpp)	8	static
../SoarOS/CubeDefines.cpp:126:1:cpp)	8	static
