../USB_DEVICE/Target/usbd_conf.c:66:6:HAL_PCD_MspInit	240	static
../USB_DEVICE/Target/usbd_conf.c:119:6:HAL_PCD_MspDeInit	8	static
../USB_DEVICE/Target/usbd_conf.c:153:6:HAL_PCD_SetupStageCallback	0	static
../USB_DEVICE/Target/usbd_conf.c:168:6:HAL_PCD_DataOutStageCallback	0	static
../USB_DEVICE/Target/usbd_conf.c:183:6:HAL_PCD_DataInStageCallback	0	static
../USB_DEVICE/Target/usbd_conf.c:197:6:HAL_PCD_SOFCallback	0	static
../USB_DEVICE/Target/usbd_conf.c:211:6:HAL_PCD_ResetCallback	8	static
../USB_DEVICE/Target/usbd_conf.c:244:6:HAL_PCD_SuspendCallback	8	static
../USB_DEVICE/Target/usbd_conf.c:269:6:HAL_PCD_ResumeCallback	0	static
../USB_DEVICE/Target/usbd_conf.c:287:6:HAL_PCD_ISOOUTIncompleteCallback	0	static
../USB_DEVICE/Target/usbd_conf.c:302:6:HAL_PCD_ISOINIncompleteCallback	0	static
../USB_DEVICE/Target/usbd_conf.c:316:6:HAL_PCD_ConnectCallback	0	static
../USB_DEVICE/Target/usbd_conf.c:330:6:HAL_PCD_DisconnectCallback	0	static
../USB_DEVICE/Target/usbd_conf.c:345:20:USBD_LL_Init	8	static
../USB_DEVICE/Target/usbd_conf.c:398:20:USBD_LL_DeInit	8	static
../USB_DEVICE/Target/usbd_conf.c:415:20:USBD_LL_Start	8	static
../USB_DEVICE/Target/usbd_conf.c:432:20:USBD_LL_Stop	8	static
../USB_DEVICE/Target/usbd_conf.c:452:20:USBD_LL_OpenEP	8	static
../USB_DEVICE/Target/usbd_conf.c:470:20:USBD_LL_CloseEP	8	static
../USB_DEVICE/Target/usbd_conf.c:488:20:USBD_LL_FlushEP	8	static
../USB_DEVICE/Target/usbd_conf.c:506:20:USBD_LL_StallEP	8	static
../USB_DEVICE/Target/usbd_conf.c:524:20:USBD_LL_ClearStallEP	8	static
../USB_DEVICE/Target/usbd_conf.c:542:9:USBD_LL_IsStallEP	0	static
../USB_DEVICE/Target/usbd_conf.c:562:20:USBD_LL_SetUSBAddress	8	static
../USB_DEVICE/Target/usbd_conf.c:582:20:USBD_LL_Transmit	8	static
../USB_DEVICE/Target/usbd_conf.c:602:20:USBD_LL_PrepareReceive	8	static
../USB_DEVICE/Target/usbd_conf.c:620:10:USBD_LL_GetRxDataSize	0	static
../USB_DEVICE/Target/usbd_conf.c:645:7:USBD_static_malloc	0	static
../USB_DEVICE/Target/usbd_conf.c:657:6:USBD_static_free	0	static
../USB_DEVICE/Target/usbd_conf.c:667:6:USBD_LL_Delay	0	static
../USB_DEVICE/Target/usbd_conf.c:677:20:USBD_Get_USB_Status	0	static
